  Determining projects to restore...
  All projects are up-to-date for restore.
d:\fds\fds-logic\DocumentationRenderer.cs(606,69): error CS0117: 'SKVertexMode' does not contain a definition for 'Points' [d:\fds\fds-logic\fds-logic.csproj]
d:\fds\fds-logic\DocumentationRenderer.cs(663,49): error CS1061: 'SKColor' does not contain a definition for 'R' and no accessible extension method 'R' accepting a first argument of type 'SKColor' could be found (are you missing a using directive or an assembly reference?) [d:\fds\fds-logic\fds-logic.csproj]
d:\fds\fds-logic\DocumentationRenderer.cs(664,53): error CS1061: 'SKColor' does not contain a definition for 'G' and no accessible extension method 'G' accepting a first argument of type 'SKColor' could be found (are you missing a using directive or an assembly reference?) [d:\fds\fds-logic\fds-logic.csproj]
d:\fds\fds-logic\DocumentationRenderer.cs(665,53): error CS1061: 'SKColor' does not contain a definition for 'B' and no accessible extension method 'B' accepting a first argument of type 'SKColor' could be found (are you missing a using directive or an assembly reference?) [d:\fds\fds-logic\fds-logic.csproj]
d:\fds\fds-logic\DocumentationRenderer.cs(666,53): error CS1061: 'SKColor' does not contain a definition for 'A' and no accessible extension method 'A' accepting a first argument of type 'SKColor' could be found (are you missing a using directive or an assembly reference?) [d:\fds\fds-logic\fds-logic.csproj]

Build FAILED.

d:\fds\fds-logic\DocumentationRenderer.cs(606,69): error CS0117: 'SKVertexMode' does not contain a definition for 'Points' [d:\fds\fds-logic\fds-logic.csproj]
d:\fds\fds-logic\DocumentationRenderer.cs(663,49): error CS1061: 'SKColor' does not contain a definition for 'R' and no accessible extension method 'R' accepting a first argument of type 'SKColor' could be found (are you missing a using directive or an assembly reference?) [d:\fds\fds-logic\fds-logic.csproj]
d:\fds\fds-logic\DocumentationRenderer.cs(664,53): error CS1061: 'SKColor' does not contain a definition for 'G' and no accessible extension method 'G' accepting a first argument of type 'SKColor' could be found (are you missing a using directive or an assembly reference?) [d:\fds\fds-logic\fds-logic.csproj]
d:\fds\fds-logic\DocumentationRenderer.cs(665,53): error CS1061: 'SKColor' does not contain a definition for 'B' and no accessible extension method 'B' accepting a first argument of type 'SKColor' could be found (are you missing a using directive or an assembly reference?) [d:\fds\fds-logic\fds-logic.csproj]
d:\fds\fds-logic\DocumentationRenderer.cs(666,53): error CS1061: 'SKColor' does not contain a definition for 'A' and no accessible extension method 'A' accepting a first argument of type 'SKColor' could be found (are you missing a using directive or an assembly reference?) [d:\fds\fds-logic\fds-logic.csproj]
    0 Warning(s)
    5 Error(s)

Time Elapsed 00:00:06.16
